
  ___  ____  ____  ____  ____ tm
 /__    /   ____/   /   ____/
___/   /   /___/   /   /___/    8.2   Copyright 1984-2005
  Statistics/Data Analysis            StataCorp
                                      4905 Lakeway Drive
     Special Edition                  College Station, Texas 77845 USA
                                      800-STATA-PC        http://www.stata.com
                                      979-696-4600        stata@stata.com
                                      979-696-4601 (fax)

20-user Stata for Linux (network) perpetual license:
       Serial number:  81280521767
         Licensed to:  Department of Economics
                       M.I.T. Cambridge

Notes:
      1.  (-m# option or -set memory-) 10.00 MB allocated to data
      2.  (-v# option or -set maxvar-) 5000 maximum variables
      3.  Command line editing disabled
      4.  Stata running in batch mode

Note:  Your site can add messages to the introduction by editing the file
       stata.msg in the directory where Stata is installed.

. do Table5_4 

. 
. #delimit;
delimiter now ;
. set mem 100m;

Current memory allocation
-------------------------

                    current                                 memory usage
    settable          value     description                 (1M = 1024k)
    --------------------------------------------------------------------
    set maxvar         5000     max. variables allowed           1.575M
    set memory          100M    max. data space                100.000M
    set matsize         400     max. RHS vars in models          1.254M
                                                            -----------
                                                               102.829M

. set matsize 8000;

Current memory allocation
-------------------------

                    current                                 memory usage
    settable          value     description                 (1M = 1024k)
    --------------------------------------------------------------------
    set maxvar         5000     max. variables allowed           1.575M
    set memory          100M    max. data space                100.000M
    set matsize        8000     max. RHS vars in models        488.953M
                                                            -----------
                                                               590.528M

. set maxvar 8000;

Current memory allocation
-------------------------

                    current                                 memory usage
    settable          value     description                 (1M = 1024k)
    --------------------------------------------------------------------
    set maxvar         8000     max. variables allowed           2.519M
    set memory          100M    max. data space                100.000M
    set matsize        8000     max. RHS vars in models        488.953M
                                                            -----------
                                                               591.472M

. set linesize 140;

. use DATA1;

. *************************************************************************************************;
. *************************************************************************************************;
. *** Create some variables ***********************************************************************;
. gen y=(rtfsale-rtotexp)*1000/fland;

. summ dd89 prcp;

    Variable |       Obs        Mean    Std. Dev.       Min        Max
-------------+--------------------------------------------------------
        dd89 |      9048     2854.97    1256.456          0   6901.733
        prcp |      9048    20.00277    7.651435   .0712433   47.44492

. gen dry_dd89=    (dry==1)*dd89;

. gen dry_dd89_sq= (dry==1)*dd89*dd89;

. gen dry_prcp=    (dry==1)*prcp;

. gen dry_prcp_sq= (dry==1)*prcp*prcp;

. gen irr_dd89=    (dry==0)*dd89;

. gen irr_dd89_sq= (dry==0)*dd89*dd89;

. gen irr_prcp=    (dry==0)*prcp;

. gen irr_prcp_sq= (dry==0)*prcp*prcp;

. save indata, replace;
(note: file indata.dta not found)
file indata.dta saved

. clear;

. *************************************************************************************************;
. *************************************************************************************************;
. *** Prediction from Uniform Scenario ************************************************************;
. use indata;

. xi: areg y dry_dd89 dry_dd89_sq dry_prcp dry_prcp_sq 
> irr_dd89 irr_dd89_sq irr_prcp irr_prcp_sq dry sst* x1-x9 [weight=fland], a(fips) robust;
(analytic weights assumed)

Regression with robust standard errors                 Number of obs =    9048
                                                       F(161,  6625) =   19.02
                                                       Prob > F      =  0.0000
                                                       R-squared     =  0.8834
                                                       Adj R-squared =  0.8408
                                                       Root MSE      =  29.732

------------------------------------------------------------------------------
             |               Robust
           y |      Coef.   Std. Err.      t    P>|t|     [95% Conf. Interval]
-------------+----------------------------------------------------------------
    dry_dd89 |   .0029228   .0020015     1.46   0.144    -.0010007    .0068463
 dry_dd89_sq |  -2.30e-07   3.11e-07    -0.74   0.460    -8.39e-07    3.80e-07
    dry_prcp |   .0328753    .471334     0.07   0.944    -.8910911    .9568418
 dry_prcp_sq |   .0033167   .0109542     0.30   0.762    -.0181571    .0247905
    irr_dd89 |  -.0036822   .0080066    -0.46   0.646    -.0193777    .0120134
 irr_dd89_sq |   1.91e-07   1.29e-06     0.15   0.882    -2.34e-06    2.72e-06
    irr_prcp |   1.843904   1.328008     1.39   0.165    -.7594193    4.447227
 irr_prcp_sq |  -.0204919   .0371889    -0.55   0.582    -.0933941    .0524103
         dry |   .0030103   12.75742     0.00   1.000    -25.00564    25.01166
     sst1_92 |   14.03465   8.079239     1.74   0.082    -1.803265    29.87256
     sst4_92 |   11.92691   15.54539     0.77   0.443    -18.54707    42.40089
     sst5_92 |  -5.018865   4.133547    -1.21   0.225    -13.12195    3.084219
     sst6_92 |  -3.105638   13.41926    -0.23   0.817    -29.41172    23.20044
     sst8_92 |   .8708087   1.673432     0.52   0.603    -2.409656    4.151274
     sst9_92 |  -184.0411   65.89903    -2.79   0.005    -313.2244   -54.85776
    sst10_92 |   62.16723   21.70411     2.86   0.004     19.62018    104.7143
    sst12_92 |  -16.84749   15.49014    -1.09   0.277    -47.21316    13.51818
    sst13_92 |   11.19049   8.240044     1.36   0.174    -4.962653    27.34363
    sst16_92 |   7.158324   4.369633     1.64   0.101    -1.407564    15.72421
    sst17_92 |     8.6941   2.704557     3.21   0.001     3.392297     13.9959
    sst18_92 |   -2.46468   3.718696    -0.66   0.507    -9.754522    4.825161
    sst19_92 |  -7.818947   3.753842    -2.08   0.037    -15.17769   -.4602067
    sst20_92 |   7.188376   3.458809     2.08   0.038     .4079965    13.96876
    sst21_92 |   12.85604   6.262324     2.05   0.040     .5798645    25.13221
    sst22_92 |  -15.00612   4.984141    -3.01   0.003    -24.77664   -5.235597
    sst23_92 |   -10.3937   16.22117    -0.64   0.522    -42.19241    21.40501
    sst24_92 |   23.24812   11.07234     2.10   0.036     1.542767    44.95348
    sst25_92 |  -13.59604   29.86104    -0.46   0.649     -72.1333    44.94122
    sst26_92 |   8.434342   3.621356     2.33   0.020     1.335316    15.53337
    sst27_92 |  -7.527924   3.630014    -2.07   0.038    -14.64392   -.4119282
    sst28_92 |  -10.56227   5.959428    -1.77   0.076    -22.24467    1.120123
    sst29_92 |  -1.078054   1.770174    -0.61   0.543    -4.548164    2.392057
    sst30_92 |    1.34073   .6673174     2.01   0.045     .0325729    2.648887
    sst31_92 |   .7702991   1.995302     0.39   0.699    -3.141136    4.681734
    sst32_92 |   1.801211   5.579477     0.32   0.747    -9.136362    12.73878
    sst33_92 |   9.622411   12.24712     0.79   0.432     -14.3859    33.63072
    sst34_92 |  -20.84068   24.14653    -0.86   0.388    -68.17565     26.4943
    sst35_92 |   .3717197   1.186214     0.31   0.754    -1.953643    2.697082
    sst36_92 |  -14.26481   5.453245    -2.62   0.009    -24.95493   -3.574698
    sst37_92 |   20.38266   11.63184     1.75   0.080    -2.419484    43.18481
    sst38_92 |   8.294811   1.580273     5.25   0.000     5.196966    11.39266
    sst39_92 |   .1779562   3.214375     0.06   0.956    -6.123253    6.479166
    sst40_92 |   .3921434   1.613118     0.24   0.808    -2.770087    3.554374
    sst41_92 |   3.398502   4.056814     0.84   0.402    -4.554161    11.35117
    sst42_92 |   8.499549   6.092052     1.40   0.163    -3.442836    20.44193
    sst44_92 |  -27.77626   14.79581    -1.88   0.061    -56.78082    1.228304
    sst45_92 |   .4673532   7.653092     0.06   0.951    -14.53517    15.46988
    sst46_92 |  -.3051138   1.165059    -0.26   0.793    -2.589005    1.978778
    sst47_92 |   9.110218   3.519461     2.59   0.010     2.210942     16.0095
    sst48_92 |   -3.40747   1.289257    -2.64   0.008    -5.934828   -.8801112
    sst49_92 |  -.0824809   2.934298    -0.03   0.978     -5.83465    5.669688
    sst50_92 |   -21.0754   5.166513    -4.08   0.000    -31.20343   -10.94737
    sst51_92 |   8.886111    4.44561     2.00   0.046     .1712839    17.60094
    sst53_92 |   8.988461    6.86497     1.31   0.190    -4.469092    22.44601
    sst54_92 |   6.347982   12.46109     0.51   0.610    -18.07977    30.77573
    sst55_92 |  -12.13344   4.144738    -2.93   0.003    -20.25847   -4.008424
    sst56_92 |  -.2629339   .6538036    -0.40   0.688      -1.5446    1.018732
     sst1_97 |   24.18904   7.861438     3.08   0.002     8.778087    39.59999
     sst4_97 |   22.37968   16.06882     1.39   0.164    -9.120387    53.87975
     sst5_97 |    16.5648   6.099447     2.72   0.007     4.607916    28.52168
     sst6_97 |   101.5575   15.34079     6.62   0.000     71.48459    131.6304
     sst8_97 |   6.391073   4.625698     1.38   0.167    -2.676785    15.45893
     sst9_97 |   -85.9583   53.83956    -1.60   0.110    -191.5012    19.58457
    sst10_97 |  -32.74618   55.81766    -0.59   0.557    -142.1668    76.67442
    sst12_97 |   20.22103   15.59892     1.30   0.195    -10.35787    50.79994
    sst13_97 |   57.03272   9.537101     5.98   0.000     38.33693    75.72851
    sst16_97 |   12.72983   5.617923     2.27   0.023     1.716888    23.74277
    sst17_97 |   30.73591   2.733344    11.24   0.000     25.37768    36.09414
    sst18_97 |   8.452581   5.012451     1.69   0.092    -1.373437     18.2786
    sst19_97 |   25.55593   4.320908     5.91   0.000     17.08555     34.0263
    sst20_97 |   16.08946   3.145547     5.11   0.000     9.923175    22.25575
    sst21_97 |   26.10403   7.645187     3.41   0.001       11.117    41.09105
    sst22_97 |    13.0392   5.556104     2.35   0.019     2.147447    23.93095
    sst23_97 |  -4.941798    19.1219    -0.26   0.796    -42.42689    32.54329
    sst24_97 |    12.6659    14.4432     0.88   0.381    -15.64742    40.97921
    sst25_97 |   86.17432   46.57607     1.85   0.064    -5.129786    177.4784
    sst26_97 |   36.30921   3.911599     9.28   0.000     28.64122    43.97721
    sst27_97 |   14.14556   4.560867     3.10   0.002     5.204791    23.08633
    sst28_97 |   21.49195   7.601956     2.83   0.005     6.589672    36.39424
    sst29_97 |  -.3776321   2.269438    -0.17   0.868    -4.826461    4.071197
    sst30_97 |   .2239575   .7477023     0.30   0.765     -1.24178    1.689695
    sst31_97 |   14.31057   3.040417     4.71   0.000     8.350368    20.27076
    sst32_97 |   8.225266   6.699899     1.23   0.220    -4.908695    21.35923
    sst33_97 |    10.0691   16.65496     0.60   0.545       -22.58    42.71819
    sst34_97 |   67.97362   25.10497     2.71   0.007     18.75978    117.1875
    sst35_97 |   3.678268   1.435892     2.56   0.010     .8634573    6.493078
    sst36_97 |   7.358015   5.653093     1.30   0.193    -3.723868     18.4399
    sst37_97 |   127.1777   15.33597     8.29   0.000     97.11424    157.2411
    sst38_97 |  -.9731283   1.386953    -0.70   0.483    -3.692002    1.745746
    sst39_97 |   15.18051   4.035286     3.76   0.000     7.270054    23.09097
    sst40_97 |   2.252484   1.518934     1.48   0.138    -.7251156    5.230083
    sst41_97 |   20.63373   6.095433     3.39   0.001     8.684719    32.58274
    sst42_97 |   12.03679   5.997249     2.01   0.045     .2802462    23.79333
    sst44_97 |   60.23237   31.76899     1.90   0.058    -2.045071    122.5098
    sst45_97 |   37.20376   9.658581     3.85   0.000     18.26983    56.13769
    sst46_97 |   1.746888   1.506673     1.16   0.246    -1.206677    4.700453
    sst47_97 |   12.88025   3.716449     3.47   0.001     5.594812    20.16569
    sst48_97 |   .1220823   1.565527     0.08   0.938    -2.946855    3.191019
    sst49_97 |   1.860851   3.043823     0.61   0.541    -4.106022    7.827724
    sst50_97 |   2.299431   8.915587     0.26   0.796    -15.17799    19.77685
    sst51_97 |   17.40885   4.972216     3.50   0.000     7.661706      27.156
    sst53_97 |    40.0678   9.334782     4.29   0.000     21.76862    58.36698
    sst54_97 |   14.39196   11.33548     1.27   0.204     -7.82924    36.61316
    sst55_97 |  -6.682822   3.857266    -1.73   0.083    -14.24431    .8786613
    sst56_97 |  -.0074725   1.205612    -0.01   0.995    -2.370861    2.355916
     sst1_02 |   16.85563   11.95286     1.41   0.159    -6.575824    40.28708
     sst4_02 |    41.2445   28.80185     1.43   0.152     -15.2164    97.70539
     sst5_02 |  -24.20945   6.753676    -3.58   0.000    -37.44883   -10.97007
     sst6_02 |   48.05044   19.99989     2.40   0.016     8.844208    87.25667
     sst8_02 |  -12.56704   4.141073    -3.03   0.002    -20.68488   -4.449201
     sst9_02 |  -151.9698    62.9175    -2.42   0.016    -275.3084   -28.63126
    sst10_02 |   108.0757   44.38468     2.43   0.015      21.0674     195.084
    sst12_02 |   -1.03402   17.07419    -0.06   0.952    -34.50493    32.43689
    sst13_02 |    21.4318   10.96708     1.95   0.051    -.0672021    42.93081
    sst16_02 |  -.6583138   5.025732    -0.13   0.896    -10.51037     9.19374
    sst17_02 |  -37.16232   3.128067   -11.88   0.000    -43.29434    -31.0303
    sst18_02 |  -50.85452   4.504517   -11.29   0.000    -59.68482   -42.02421
    sst19_02 |  -43.26458   3.812436   -11.35   0.000    -50.73819   -35.79098
    sst20_02 |   -21.2599   3.153294    -6.74   0.000    -27.44137   -15.07842
    sst21_02 |  -29.19344   7.257161    -4.02   0.000    -43.41981   -14.96707
    sst22_02 |  -45.13467    7.89886    -5.71   0.000    -60.61898   -29.65036
    sst23_02 |  -42.53381   23.39119    -1.82   0.069    -88.38807    3.320455
    sst24_02 |  -7.147975   17.52518    -0.41   0.683    -41.50298    27.20703
    sst25_02 |  -175.1978   80.71413    -2.17   0.030    -333.4235   -16.97213
    sst26_02 |  -2.687005   4.901403    -0.55   0.584    -12.29533    6.921324
    sst27_02 |  -19.36734   3.670629    -5.28   0.000    -26.56296   -12.17172
    sst28_02 |  -35.29912   9.648983    -3.66   0.000    -54.21423     -16.384
    sst29_02 |   -27.5366   2.433423   -11.32   0.000     -32.3069   -22.76631
    sst30_02 |  -5.427329    .801136    -6.77   0.000    -6.997813   -3.856844
    sst31_02 |  -21.87458   3.437609    -6.36   0.000     -28.6134   -15.13575
    sst32_02 |   14.51585   13.23172     1.10   0.273    -11.42258    40.45429
    sst33_02 |  -52.53806   18.99823    -2.77   0.006    -89.78072    -15.2954
    sst34_02 |   -42.0117   28.22878    -1.49   0.137    -97.34921    13.32581
    sst35_02 |  -.3826321   1.313813    -0.29   0.771    -2.958128    2.192864
    sst36_02 |  -51.78162   8.299308    -6.24   0.000    -68.05093    -35.5123
    sst37_02 |   32.38465   15.22746     2.13   0.033     2.533936    62.23537
    sst38_02 |   1.391952   1.503617     0.93   0.355    -1.555621    4.339526
    sst39_02 |  -44.61244   5.193172    -8.59   0.000    -54.79273   -34.43215
    sst40_02 |  -5.051353    1.91643    -2.64   0.008    -8.808172   -1.294533
    sst41_02 |  -1.820005   4.305694    -0.42   0.673    -10.26055    6.620543
    sst42_02 |  -42.25571   8.808317    -4.80   0.000    -59.52284   -24.98857
    sst44_02 |  -75.95605   29.75581    -2.55   0.011     -134.287   -17.62508
    sst45_02 |  -8.951476   13.89387    -0.64   0.519    -36.18794    18.28499
    sst46_02 |  -8.963518   1.635292    -5.48   0.000    -12.16922   -5.757818
    sst47_02 |  -21.73888   4.189127    -5.19   0.000    -29.95092   -13.52684
    sst48_02 |  -16.28558   1.703558    -9.56   0.000     -19.6251   -12.94606
    sst49_02 |   6.520714   3.641392     1.79   0.073    -.6175866    13.65901
    sst50_02 |  -50.25244   10.72722    -4.68   0.000    -71.28125   -29.22363
    sst51_02 |   -11.1558   7.245476    -1.54   0.124    -25.35927    3.047667
    sst53_02 |   11.35888   8.009742     1.42   0.156     -4.34279    27.06056
    sst54_02 |   7.525524   19.86257     0.38   0.705    -31.41152    46.46257
    sst55_02 |   -46.2771    4.04218   -11.45   0.000    -54.20108   -38.35312
    sst56_02 |  -4.111588   1.071781    -3.84   0.000    -6.212623   -2.010552
          x1 |  (dropped)
          x2 |  -2.662265   12.59652    -0.21   0.833     -27.3555    22.03097
          x3 |  -396.3975   482.4528    -0.82   0.411     -1342.16    549.3654
          x4 |  -15.45173   101.4792    -0.15   0.879    -214.3836    183.4801
          x5 |   .0191892   .0233233     0.82   0.411    -.0265321    .0649104
          x6 |   65.80452   41.14536     1.60   0.110    -14.85363    146.4627
          x7 |  -3.147044   15.08266    -0.21   0.835    -32.71392    26.41983
          x8 |   266.3391   209.3607     1.27   0.203    -144.0753    676.7536
          x9 |   2.213706   3.153197     0.70   0.483    -3.967576    8.394988
       _cons |   3.326573   71.20909     0.05   0.963    -136.2662    142.9193
-------------+----------------------------------------------------------------
        fips |   absorbed                                    (2262 categories)

. gen b_dry_dd89=    _coef[dry_dd89];

. gen b_dry_dd89_sq= _coef[dry_dd89_sq];

. gen b_irr_dd89=    _coef[irr_dd89];

. gen b_irr_dd89_sq= _coef[irr_dd89_sq];

. gen b_dry_prcp=    _coef[dry_prcp];

. gen b_dry_prcp_sq= _coef[dry_prcp_sq];

. gen b_irr_prcp=    _coef[irr_prcp];

. gen b_irr_prcp_sq= _coef[irr_prcp_sq];

. egen m_dry_dd89=mean(dry_dd89), by(fips);

. egen m_dry_prcp=mean(dry_prcp), by(fips);

. egen m_irr_dd89=mean(irr_dd89), by(fips);

. egen m_irr_prcp=mean(irr_prcp), by(fips);

. gen dry_dd89_gw=   (dry==1)*dd89_ugw;

. gen dry_dd89_7000= (dry==1)*dd89_7000;

. gen dry_prcp_gw=   (dry==1)*prcp_ugw;

. gen dry_prcp_7000= (dry==1)*prcp_7000;

. gen irr_dd89_gw=   (dry==0)*dd89_ugw;

. gen irr_dd89_7000= (dry==0)*dd89_7000;

. gen irr_prcp_gw=   (dry==0)*prcp_ugw;

. gen irr_prcp_7000= (dry==0)*prcp_7000;

. gen d_dry_dd89=    dry_dd89_gw-dry_dd89_7000;

. gen d_dry_prcp=    dry_prcp_gw-dry_prcp_7000;

. gen d_dry_dd89_sq= 2*d_dry_dd89*m_dry_dd89 + d_dry_dd89*d_dry_dd89;

. gen d_dry_prcp_sq= 2*d_dry_prcp*m_dry_prcp + d_dry_prcp*d_dry_prcp;

. gen d_irr_dd89=    irr_dd89_gw-irr_dd89_7000;

. gen d_irr_prcp=    irr_prcp_gw-irr_prcp_7000;

. gen d_irr_dd89_sq= 2*d_irr_dd89*m_irr_dd89 + d_irr_dd89*d_irr_dd89;

. gen d_irr_prcp_sq= 2*d_irr_prcp*m_irr_prcp + d_irr_prcp*d_irr_prcp;

. egen s_dry_dd89=    sum(fland*d_dry_dd89/1000000000), by(year);

. egen s_dry_dd89_sq= sum(fland*d_dry_dd89_sq/1000000000), by(year);

. egen s_dry_prcp=    sum(fland*d_dry_prcp/1000000000), by(year);

. egen s_dry_prcp_sq= sum(fland*d_dry_prcp_sq/1000000000), by(year);

. egen s_irr_dd89=    sum(fland*d_irr_dd89/1000000000), by(year);

. egen s_irr_dd89_sq= sum(fland*d_irr_dd89_sq/1000000000), by(year);

. egen s_irr_prcp=    sum(fland*d_irr_prcp/1000000000), by(year);

. egen s_irr_prcp_sq= sum(fland*d_irr_prcp_sq/1000000000), by(year);

. summ s_dry_dd89 s_dry_dd89_sq s_dry_prcp s_dry_prcp_sq
> s_irr_dd89 s_irr_dd89_sq s_irr_prcp s_irr_prcp_sq, sep(0);

    Variable |       Obs        Mean    Std. Dev.       Min        Max
-------------+--------------------------------------------------------
  s_dry_dd89 |      9048     443.278    11.84746   429.6128   461.5316
s_dry_dd89~q |      9048     2580299    50494.17    2523560    2658395
  s_dry_prcp |      9048    .8295761    .0144532   .8162265   .8531958
s_dry_prcp~q |      9048    33.08612    .4676932   32.56234   33.76675
  s_irr_dd89 |      9048    110.8673    4.663103   104.3433   116.5686
s_irr_dd89~q |      9048    629172.8    15885.06   605013.6   645648.3
  s_irr_prcp |      9048    .1647385    .0085851   .1524102   .1728166
s_irr_prcp~q |      9048    6.036221      .16193   5.808511   6.191006

. lincom
> dry_dd89     * 443.278  +
> dry_dd89_sq  * 2580299  +
> dry_prcp     * 0.834307 +
> dry_prcp_sq  * 33.22887 +
> irr_dd89     * 110.8673 +
> irr_dd89_sq  * 629172.8 +
> irr_prcp     * 0.16529  +
> irr_prcp_sq  * 6.039449 ;

 ( 1)  443.278 dry_dd89 + 2580299 dry_dd89_sq + .834307 dry_prcp + 33.22887 dry_prcp_sq + 110.8673 irr_dd89 + 629172.8 irr_dd89_sq + .16529 
> irr_prcp + 6.039449 irr_prcp_sq = 0

------------------------------------------------------------------------------
           y |      Coef.   Std. Err.      t    P>|t|     [95% Conf. Interval]
-------------+----------------------------------------------------------------
         (1) |   .7338876   .4291143     1.71   0.087    -.1073146     1.57509
------------------------------------------------------------------------------

. clear;

. *************************************************************************************************;
. *************************************************************************************************;
. *** Prediction from Hadley2 Medium-Term Scenario ************************************************;
. use indata;

. xi: areg y dry_dd89 dry_dd89_sq dry_prcp dry_prcp_sq 
> irr_dd89 irr_dd89_sq irr_prcp irr_prcp_sq dry sst* x1-x9 [weight=fland], a(fips) robust;
(analytic weights assumed)

Regression with robust standard errors                 Number of obs =    9048
                                                       F(161,  6625) =   19.02
                                                       Prob > F      =  0.0000
                                                       R-squared     =  0.8834
                                                       Adj R-squared =  0.8408
                                                       Root MSE      =  29.732

------------------------------------------------------------------------------
             |               Robust
           y |      Coef.   Std. Err.      t    P>|t|     [95% Conf. Interval]
-------------+----------------------------------------------------------------
    dry_dd89 |   .0029228   .0020015     1.46   0.144    -.0010007    .0068463
 dry_dd89_sq |  -2.30e-07   3.11e-07    -0.74   0.460    -8.39e-07    3.80e-07
    dry_prcp |   .0328753    .471334     0.07   0.944    -.8910911    .9568418
 dry_prcp_sq |   .0033167   .0109542     0.30   0.762    -.0181571    .0247905
    irr_dd89 |  -.0036822   .0080066    -0.46   0.646    -.0193777    .0120134
 irr_dd89_sq |   1.91e-07   1.29e-06     0.15   0.882    -2.34e-06    2.72e-06
    irr_prcp |   1.843904   1.328008     1.39   0.165    -.7594193    4.447227
 irr_prcp_sq |  -.0204919   .0371889    -0.55   0.582    -.0933941    .0524103
         dry |   .0030103   12.75742     0.00   1.000    -25.00564    25.01166
     sst1_92 |   14.03465   8.079239     1.74   0.082    -1.803265    29.87256
     sst4_92 |   11.92691   15.54539     0.77   0.443    -18.54707    42.40089
     sst5_92 |  -5.018865   4.133547    -1.21   0.225    -13.12195    3.084219
     sst6_92 |  -3.105638   13.41926    -0.23   0.817    -29.41172    23.20044
     sst8_92 |   .8708087   1.673432     0.52   0.603    -2.409656    4.151274
     sst9_92 |  -184.0411   65.89903    -2.79   0.005    -313.2244   -54.85776
    sst10_92 |   62.16723   21.70411     2.86   0.004     19.62018    104.7143
    sst12_92 |  -16.84749   15.49014    -1.09   0.277    -47.21316    13.51818
    sst13_92 |   11.19049   8.240044     1.36   0.174    -4.962653    27.34363
    sst16_92 |   7.158324   4.369633     1.64   0.101    -1.407564    15.72421
    sst17_92 |     8.6941   2.704557     3.21   0.001     3.392297     13.9959
    sst18_92 |   -2.46468   3.718696    -0.66   0.507    -9.754522    4.825161
    sst19_92 |  -7.818947   3.753842    -2.08   0.037    -15.17769   -.4602067
    sst20_92 |   7.188376   3.458809     2.08   0.038     .4079965    13.96876
    sst21_92 |   12.85604   6.262324     2.05   0.040     .5798645    25.13221
    sst22_92 |  -15.00612   4.984141    -3.01   0.003    -24.77664   -5.235597
    sst23_92 |   -10.3937   16.22117    -0.64   0.522    -42.19241    21.40501
    sst24_92 |   23.24812   11.07234     2.10   0.036     1.542767    44.95348
    sst25_92 |  -13.59604   29.86104    -0.46   0.649     -72.1333    44.94122
    sst26_92 |   8.434342   3.621356     2.33   0.020     1.335316    15.53337
    sst27_92 |  -7.527924   3.630014    -2.07   0.038    -14.64392   -.4119282
    sst28_92 |  -10.56227   5.959428    -1.77   0.076    -22.24467    1.120123
    sst29_92 |  -1.078054   1.770174    -0.61   0.543    -4.548164    2.392057
    sst30_92 |    1.34073   .6673174     2.01   0.045     .0325729    2.648887
    sst31_92 |   .7702991   1.995302     0.39   0.699    -3.141136    4.681734
    sst32_92 |   1.801211   5.579477     0.32   0.747    -9.136362    12.73878
    sst33_92 |   9.622411   12.24712     0.79   0.432     -14.3859    33.63072
    sst34_92 |  -20.84068   24.14653    -0.86   0.388    -68.17565     26.4943
    sst35_92 |   .3717197   1.186214     0.31   0.754    -1.953643    2.697082
    sst36_92 |  -14.26481   5.453245    -2.62   0.009    -24.95493   -3.574698
    sst37_92 |   20.38266   11.63184     1.75   0.080    -2.419484    43.18481
    sst38_92 |   8.294811   1.580273     5.25   0.000     5.196966    11.39266
    sst39_92 |   .1779562   3.214375     0.06   0.956    -6.123253    6.479166
    sst40_92 |   .3921434   1.613118     0.24   0.808    -2.770087    3.554374
    sst41_92 |   3.398502   4.056814     0.84   0.402    -4.554161    11.35117
    sst42_92 |   8.499549   6.092052     1.40   0.163    -3.442836    20.44193
    sst44_92 |  -27.77626   14.79581    -1.88   0.061    -56.78082    1.228304
    sst45_92 |   .4673532   7.653092     0.06   0.951    -14.53517    15.46988
    sst46_92 |  -.3051138   1.165059    -0.26   0.793    -2.589005    1.978778
    sst47_92 |   9.110218   3.519461     2.59   0.010     2.210942     16.0095
    sst48_92 |   -3.40747   1.289257    -2.64   0.008    -5.934828   -.8801112
    sst49_92 |  -.0824809   2.934298    -0.03   0.978     -5.83465    5.669688
    sst50_92 |   -21.0754   5.166513    -4.08   0.000    -31.20343   -10.94737
    sst51_92 |   8.886111    4.44561     2.00   0.046     .1712839    17.60094
    sst53_92 |   8.988461    6.86497     1.31   0.190    -4.469092    22.44601
    sst54_92 |   6.347982   12.46109     0.51   0.610    -18.07977    30.77573
    sst55_92 |  -12.13344   4.144738    -2.93   0.003    -20.25847   -4.008424
    sst56_92 |  -.2629339   .6538036    -0.40   0.688      -1.5446    1.018732
     sst1_97 |   24.18904   7.861438     3.08   0.002     8.778087    39.59999
     sst4_97 |   22.37968   16.06882     1.39   0.164    -9.120387    53.87975
     sst5_97 |    16.5648   6.099447     2.72   0.007     4.607916    28.52168
     sst6_97 |   101.5575   15.34079     6.62   0.000     71.48459    131.6304
     sst8_97 |   6.391073   4.625698     1.38   0.167    -2.676785    15.45893
     sst9_97 |   -85.9583   53.83956    -1.60   0.110    -191.5012    19.58457
    sst10_97 |  -32.74618   55.81766    -0.59   0.557    -142.1668    76.67442
    sst12_97 |   20.22103   15.59892     1.30   0.195    -10.35787    50.79994
    sst13_97 |   57.03272   9.537101     5.98   0.000     38.33693    75.72851
    sst16_97 |   12.72983   5.617923     2.27   0.023     1.716888    23.74277
    sst17_97 |   30.73591   2.733344    11.24   0.000     25.37768    36.09414
    sst18_97 |   8.452581   5.012451     1.69   0.092    -1.373437     18.2786
    sst19_97 |   25.55593   4.320908     5.91   0.000     17.08555     34.0263
    sst20_97 |   16.08946   3.145547     5.11   0.000     9.923175    22.25575
    sst21_97 |   26.10403   7.645187     3.41   0.001       11.117    41.09105
    sst22_97 |    13.0392   5.556104     2.35   0.019     2.147447    23.93095
    sst23_97 |  -4.941798    19.1219    -0.26   0.796    -42.42689    32.54329
    sst24_97 |    12.6659    14.4432     0.88   0.381    -15.64742    40.97921
    sst25_97 |   86.17432   46.57607     1.85   0.064    -5.129786    177.4784
    sst26_97 |   36.30921   3.911599     9.28   0.000     28.64122    43.97721
    sst27_97 |   14.14556   4.560867     3.10   0.002     5.204791    23.08633
    sst28_97 |   21.49195   7.601956     2.83   0.005     6.589672    36.39424
    sst29_97 |  -.3776321   2.269438    -0.17   0.868    -4.826461    4.071197
    sst30_97 |   .2239575   .7477023     0.30   0.765     -1.24178    1.689695
    sst31_97 |   14.31057   3.040417     4.71   0.000     8.350368    20.27076
    sst32_97 |   8.225266   6.699899     1.23   0.220    -4.908695    21.35923
    sst33_97 |    10.0691   16.65496     0.60   0.545       -22.58    42.71819
    sst34_97 |   67.97362   25.10497     2.71   0.007     18.75978    117.1875
    sst35_97 |   3.678268   1.435892     2.56   0.010     .8634573    6.493078
    sst36_97 |   7.358015   5.653093     1.30   0.193    -3.723868     18.4399
    sst37_97 |   127.1777   15.33597     8.29   0.000     97.11424    157.2411
    sst38_97 |  -.9731283   1.386953    -0.70   0.483    -3.692002    1.745746
    sst39_97 |   15.18051   4.035286     3.76   0.000     7.270054    23.09097
    sst40_97 |   2.252484   1.518934     1.48   0.138    -.7251156    5.230083
    sst41_97 |   20.63373   6.095433     3.39   0.001     8.684719    32.58274
    sst42_97 |   12.03679   5.997249     2.01   0.045     .2802462    23.79333
    sst44_97 |   60.23237   31.76899     1.90   0.058    -2.045071    122.5098
    sst45_97 |   37.20376   9.658581     3.85   0.000     18.26983    56.13769
    sst46_97 |   1.746888   1.506673     1.16   0.246    -1.206677    4.700453
    sst47_97 |   12.88025   3.716449     3.47   0.001     5.594812    20.16569
    sst48_97 |   .1220823   1.565527     0.08   0.938    -2.946855    3.191019
    sst49_97 |   1.860851   3.043823     0.61   0.541    -4.106022    7.827724
    sst50_97 |   2.299431   8.915587     0.26   0.796    -15.17799    19.77685
    sst51_97 |   17.40885   4.972216     3.50   0.000     7.661706      27.156
    sst53_97 |    40.0678   9.334782     4.29   0.000     21.76862    58.36698
    sst54_97 |   14.39196   11.33548     1.27   0.204     -7.82924    36.61316
    sst55_97 |  -6.682822   3.857266    -1.73   0.083    -14.24431    .8786613
    sst56_97 |  -.0074725   1.205612    -0.01   0.995    -2.370861    2.355916
     sst1_02 |   16.85563   11.95286     1.41   0.159    -6.575824    40.28708
     sst4_02 |    41.2445   28.80185     1.43   0.152     -15.2164    97.70539
     sst5_02 |  -24.20945   6.753676    -3.58   0.000    -37.44883   -10.97007
     sst6_02 |   48.05044   19.99989     2.40   0.016     8.844208    87.25667
     sst8_02 |  -12.56704   4.141073    -3.03   0.002    -20.68488   -4.449201
     sst9_02 |  -151.9698    62.9175    -2.42   0.016    -275.3084   -28.63126
    sst10_02 |   108.0757   44.38468     2.43   0.015      21.0674     195.084
    sst12_02 |   -1.03402   17.07419    -0.06   0.952    -34.50493    32.43689
    sst13_02 |    21.4318   10.96708     1.95   0.051    -.0672021    42.93081
    sst16_02 |  -.6583138   5.025732    -0.13   0.896    -10.51037     9.19374
    sst17_02 |  -37.16232   3.128067   -11.88   0.000    -43.29434    -31.0303
    sst18_02 |  -50.85452   4.504517   -11.29   0.000    -59.68482   -42.02421
    sst19_02 |  -43.26458   3.812436   -11.35   0.000    -50.73819   -35.79098
    sst20_02 |   -21.2599   3.153294    -6.74   0.000    -27.44137   -15.07842
    sst21_02 |  -29.19344   7.257161    -4.02   0.000    -43.41981   -14.96707
    sst22_02 |  -45.13467    7.89886    -5.71   0.000    -60.61898   -29.65036
    sst23_02 |  -42.53381   23.39119    -1.82   0.069    -88.38807    3.320455
    sst24_02 |  -7.147975   17.52518    -0.41   0.683    -41.50298    27.20703
    sst25_02 |  -175.1978   80.71413    -2.17   0.030    -333.4235   -16.97213
    sst26_02 |  -2.687005   4.901403    -0.55   0.584    -12.29533    6.921324
    sst27_02 |  -19.36734   3.670629    -5.28   0.000    -26.56296   -12.17172
    sst28_02 |  -35.29912   9.648983    -3.66   0.000    -54.21423     -16.384
    sst29_02 |   -27.5366   2.433423   -11.32   0.000     -32.3069   -22.76631
    sst30_02 |  -5.427329    .801136    -6.77   0.000    -6.997813   -3.856844
    sst31_02 |  -21.87458   3.437609    -6.36   0.000     -28.6134   -15.13575
    sst32_02 |   14.51585   13.23172     1.10   0.273    -11.42258    40.45429
    sst33_02 |  -52.53806   18.99823    -2.77   0.006    -89.78072    -15.2954
    sst34_02 |   -42.0117   28.22878    -1.49   0.137    -97.34921    13.32581
    sst35_02 |  -.3826321   1.313813    -0.29   0.771    -2.958128    2.192864
    sst36_02 |  -51.78162   8.299308    -6.24   0.000    -68.05093    -35.5123
    sst37_02 |   32.38465   15.22746     2.13   0.033     2.533936    62.23537
    sst38_02 |   1.391952   1.503617     0.93   0.355    -1.555621    4.339526
    sst39_02 |  -44.61244   5.193172    -8.59   0.000    -54.79273   -34.43215
    sst40_02 |  -5.051353    1.91643    -2.64   0.008    -8.808172   -1.294533
    sst41_02 |  -1.820005   4.305694    -0.42   0.673    -10.26055    6.620543
    sst42_02 |  -42.25571   8.808317    -4.80   0.000    -59.52284   -24.98857
    sst44_02 |  -75.95605   29.75581    -2.55   0.011     -134.287   -17.62508
    sst45_02 |  -8.951476   13.89387    -0.64   0.519    -36.18794    18.28499
    sst46_02 |  -8.963518   1.635292    -5.48   0.000    -12.16922   -5.757818
    sst47_02 |  -21.73888   4.189127    -5.19   0.000    -29.95092   -13.52684
    sst48_02 |  -16.28558   1.703558    -9.56   0.000     -19.6251   -12.94606
    sst49_02 |   6.520714   3.641392     1.79   0.073    -.6175866    13.65901
    sst50_02 |  -50.25244   10.72722    -4.68   0.000    -71.28125   -29.22363
    sst51_02 |   -11.1558   7.245476    -1.54   0.124    -25.35927    3.047667
    sst53_02 |   11.35888   8.009742     1.42   0.156     -4.34279    27.06056
    sst54_02 |   7.525524   19.86257     0.38   0.705    -31.41152    46.46257
    sst55_02 |   -46.2771    4.04218   -11.45   0.000    -54.20108   -38.35312
    sst56_02 |  -4.111588   1.071781    -3.84   0.000    -6.212623   -2.010552
          x1 |  (dropped)
          x2 |  -2.662265   12.59652    -0.21   0.833     -27.3555    22.03097
          x3 |  -396.3975   482.4528    -0.82   0.411     -1342.16    549.3654
          x4 |  -15.45173   101.4792    -0.15   0.879    -214.3836    183.4801
          x5 |   .0191892   .0233233     0.82   0.411    -.0265321    .0649104
          x6 |   65.80452   41.14536     1.60   0.110    -14.85363    146.4627
          x7 |  -3.147044   15.08266    -0.21   0.835    -32.71392    26.41983
          x8 |   266.3391   209.3607     1.27   0.203    -144.0753    676.7536
          x9 |   2.213706   3.153197     0.70   0.483    -3.967576    8.394988
       _cons |   3.326573   71.20909     0.05   0.963    -136.2662    142.9193
-------------+----------------------------------------------------------------
        fips |   absorbed                                    (2262 categories)

. gen b_dry_dd89=    _coef[dry_dd89];

. gen b_dry_dd89_sq= _coef[dry_dd89_sq];

. gen b_irr_dd89=    _coef[irr_dd89];

. gen b_irr_dd89_sq= _coef[irr_dd89_sq];

. gen b_dry_prcp=    _coef[dry_prcp];

. gen b_dry_prcp_sq= _coef[dry_prcp_sq];

. gen b_irr_prcp=    _coef[irr_prcp];

. gen b_irr_prcp_sq= _coef[irr_prcp_sq];

. egen m_dry_dd89=mean(dry_dd89), by(fips);

. egen m_dry_prcp=mean(dry_prcp), by(fips);

. egen m_irr_dd89=mean(irr_dd89), by(fips);

. egen m_irr_prcp=mean(irr_prcp), by(fips);

. gen dry_dd89_gw=   (dry==1)*dd89_h2_med;

. gen dry_dd89_7000= (dry==1)*dd89_7000;

. gen dry_prcp_gw=   (dry==1)*prcp_h2_med;

. gen dry_prcp_7000= (dry==1)*prcp_7000;

. gen irr_dd89_gw=   (dry==0)*dd89_h2_med;

. gen irr_dd89_7000= (dry==0)*dd89_7000;

. gen irr_prcp_gw=   (dry==0)*prcp_h2_med;

. gen irr_prcp_7000= (dry==0)*prcp_7000;

. gen d_dry_dd89=    dry_dd89_gw-dry_dd89_7000;

. gen d_dry_prcp=    dry_prcp_gw-dry_prcp_7000;

. gen d_dry_dd89_sq= 2*d_dry_dd89*m_dry_dd89 + d_dry_dd89*d_dry_dd89;

. gen d_dry_prcp_sq= 2*d_dry_prcp*m_dry_prcp + d_dry_prcp*d_dry_prcp;

. gen d_irr_dd89=    irr_dd89_gw-irr_dd89_7000;

. gen d_irr_prcp=    irr_prcp_gw-irr_prcp_7000;

. gen d_irr_dd89_sq= 2*d_irr_dd89*m_irr_dd89 + d_irr_dd89*d_irr_dd89;

. gen d_irr_prcp_sq= 2*d_irr_prcp*m_irr_prcp + d_irr_prcp*d_irr_prcp;

. egen s_dry_dd89=    sum(fland*d_dry_dd89/1000000000), by(year);

. egen s_dry_dd89_sq= sum(fland*d_dry_dd89_sq/1000000000), by(year);

. egen s_dry_prcp=    sum(fland*d_dry_prcp/1000000000), by(year);

. egen s_dry_prcp_sq= sum(fland*d_dry_prcp_sq/1000000000), by(year);

. egen s_irr_dd89=    sum(fland*d_irr_dd89/1000000000), by(year);

. egen s_irr_dd89_sq= sum(fland*d_irr_dd89_sq/1000000000), by(year);

. egen s_irr_prcp=    sum(fland*d_irr_prcp/1000000000), by(year);

. egen s_irr_prcp_sq= sum(fland*d_irr_prcp_sq/1000000000), by(year);

. summ s_dry_dd89 s_dry_dd89_sq s_dry_prcp s_dry_prcp_sq
> s_irr_dd89 s_irr_dd89_sq s_irr_prcp s_irr_prcp_sq, sep(0);

    Variable |       Obs        Mean    Std. Dev.       Min        Max
-------------+--------------------------------------------------------
  s_dry_dd89 |      9048     450.512    10.26093   437.1453   464.9958
s_dry_dd89~q |      9048     4006475    84791.68    3902268    4129500
  s_dry_prcp |      9048    .6620195    .0892023   .5658848   .7632777
s_dry_prcp~q |      9048    25.56815    2.824509   22.43268   28.38398
  s_irr_dd89 |      9048    99.05617    2.999237   95.53092   103.8253
s_irr_dd89~q |      9048    793765.3    20010.97   763876.1   820257.6
  s_irr_prcp |      9048     .288884    .0082743   .2757662   .2983866
s_irr_prcp~q |      9048    7.191939    .5344567   6.476223   7.907987

. lincom
> dry_dd89    *   450.512  +
> dry_dd89_sq *   4006475  +
> dry_prcp    *  .6028828  +
> dry_prcp_sq *  23.79839  +
> irr_dd89    *  99.05617  +
> irr_dd89_sq *  793765.3  +
> irr_prcp    *  .2819892  +
> irr_prcp_sq *   7.13062  ;

 ( 1)  450.512 dry_dd89 + 4006475 dry_dd89_sq + .6028828 dry_prcp + 23.79839 dry_prcp_sq + 99.05617 irr_dd89 + 793765.3 irr_dd89_sq + .28198
> 92 irr_prcp + 7.13062 irr_prcp_sq = 0

------------------------------------------------------------------------------
           y |      Coef.   Std. Err.      t    P>|t|     [95% Conf. Interval]
-------------+----------------------------------------------------------------
         (1) |   .6564851   .6414824     1.02   0.306    -.6010271    1.913997
------------------------------------------------------------------------------

. clear;

. *************************************************************************************************;
. *************************************************************************************************;
. *** Prediction from Hadley2 Long-Term Scenario **************************************************;
. use indata;

. xi: areg y dry_dd89 dry_dd89_sq dry_prcp dry_prcp_sq 
> irr_dd89 irr_dd89_sq irr_prcp irr_prcp_sq dry sst* x1-x9 [weight=fland], a(fips) robust;
(analytic weights assumed)

Regression with robust standard errors                 Number of obs =    9048
                                                       F(161,  6625) =   19.02
                                                       Prob > F      =  0.0000
                                                       R-squared     =  0.8834
                                                       Adj R-squared =  0.8408
                                                       Root MSE      =  29.732

------------------------------------------------------------------------------
             |               Robust
           y |      Coef.   Std. Err.      t    P>|t|     [95% Conf. Interval]
-------------+----------------------------------------------------------------
    dry_dd89 |   .0029228   .0020015     1.46   0.144    -.0010007    .0068463
 dry_dd89_sq |  -2.30e-07   3.11e-07    -0.74   0.460    -8.39e-07    3.80e-07
    dry_prcp |   .0328753    .471334     0.07   0.944    -.8910911    .9568418
 dry_prcp_sq |   .0033167   .0109542     0.30   0.762    -.0181571    .0247905
    irr_dd89 |  -.0036822   .0080066    -0.46   0.646    -.0193777    .0120134
 irr_dd89_sq |   1.91e-07   1.29e-06     0.15   0.882    -2.34e-06    2.72e-06
    irr_prcp |   1.843904   1.328008     1.39   0.165    -.7594193    4.447227
 irr_prcp_sq |  -.0204919   .0371889    -0.55   0.582    -.0933941    .0524103
         dry |   .0030103   12.75742     0.00   1.000    -25.00564    25.01166
     sst1_92 |   14.03465   8.079239     1.74   0.082    -1.803265    29.87256
     sst4_92 |   11.92691   15.54539     0.77   0.443    -18.54707    42.40089
     sst5_92 |  -5.018865   4.133547    -1.21   0.225    -13.12195    3.084219
     sst6_92 |  -3.105638   13.41926    -0.23   0.817    -29.41172    23.20044
     sst8_92 |   .8708087   1.673432     0.52   0.603    -2.409656    4.151274
     sst9_92 |  -184.0411   65.89903    -2.79   0.005    -313.2244   -54.85776
    sst10_92 |   62.16723   21.70411     2.86   0.004     19.62018    104.7143
    sst12_92 |  -16.84749   15.49014    -1.09   0.277    -47.21316    13.51818
    sst13_92 |   11.19049   8.240044     1.36   0.174    -4.962653    27.34363
    sst16_92 |   7.158324   4.369633     1.64   0.101    -1.407564    15.72421
    sst17_92 |     8.6941   2.704557     3.21   0.001     3.392297     13.9959
    sst18_92 |   -2.46468   3.718696    -0.66   0.507    -9.754522    4.825161
    sst19_92 |  -7.818947   3.753842    -2.08   0.037    -15.17769   -.4602067
    sst20_92 |   7.188376   3.458809     2.08   0.038     .4079965    13.96876
    sst21_92 |   12.85604   6.262324     2.05   0.040     .5798645    25.13221
    sst22_92 |  -15.00612   4.984141    -3.01   0.003    -24.77664   -5.235597
    sst23_92 |   -10.3937   16.22117    -0.64   0.522    -42.19241    21.40501
    sst24_92 |   23.24812   11.07234     2.10   0.036     1.542767    44.95348
    sst25_92 |  -13.59604   29.86104    -0.46   0.649     -72.1333    44.94122
    sst26_92 |   8.434342   3.621356     2.33   0.020     1.335316    15.53337
    sst27_92 |  -7.527924   3.630014    -2.07   0.038    -14.64392   -.4119282
    sst28_92 |  -10.56227   5.959428    -1.77   0.076    -22.24467    1.120123
    sst29_92 |  -1.078054   1.770174    -0.61   0.543    -4.548164    2.392057
    sst30_92 |    1.34073   .6673174     2.01   0.045     .0325729    2.648887
    sst31_92 |   .7702991   1.995302     0.39   0.699    -3.141136    4.681734
    sst32_92 |   1.801211   5.579477     0.32   0.747    -9.136362    12.73878
    sst33_92 |   9.622411   12.24712     0.79   0.432     -14.3859    33.63072
    sst34_92 |  -20.84068   24.14653    -0.86   0.388    -68.17565     26.4943
    sst35_92 |   .3717197   1.186214     0.31   0.754    -1.953643    2.697082
    sst36_92 |  -14.26481   5.453245    -2.62   0.009    -24.95493   -3.574698
    sst37_92 |   20.38266   11.63184     1.75   0.080    -2.419484    43.18481
    sst38_92 |   8.294811   1.580273     5.25   0.000     5.196966    11.39266
    sst39_92 |   .1779562   3.214375     0.06   0.956    -6.123253    6.479166
    sst40_92 |   .3921434   1.613118     0.24   0.808    -2.770087    3.554374
    sst41_92 |   3.398502   4.056814     0.84   0.402    -4.554161    11.35117
    sst42_92 |   8.499549   6.092052     1.40   0.163    -3.442836    20.44193
    sst44_92 |  -27.77626   14.79581    -1.88   0.061    -56.78082    1.228304
    sst45_92 |   .4673532   7.653092     0.06   0.951    -14.53517    15.46988
    sst46_92 |  -.3051138   1.165059    -0.26   0.793    -2.589005    1.978778
    sst47_92 |   9.110218   3.519461     2.59   0.010     2.210942     16.0095
    sst48_92 |   -3.40747   1.289257    -2.64   0.008    -5.934828   -.8801112
    sst49_92 |  -.0824809   2.934298    -0.03   0.978     -5.83465    5.669688
    sst50_92 |   -21.0754   5.166513    -4.08   0.000    -31.20343   -10.94737
    sst51_92 |   8.886111    4.44561     2.00   0.046     .1712839    17.60094
    sst53_92 |   8.988461    6.86497     1.31   0.190    -4.469092    22.44601
    sst54_92 |   6.347982   12.46109     0.51   0.610    -18.07977    30.77573
    sst55_92 |  -12.13344   4.144738    -2.93   0.003    -20.25847   -4.008424
    sst56_92 |  -.2629339   .6538036    -0.40   0.688      -1.5446    1.018732
     sst1_97 |   24.18904   7.861438     3.08   0.002     8.778087    39.59999
     sst4_97 |   22.37968   16.06882     1.39   0.164    -9.120387    53.87975
     sst5_97 |    16.5648   6.099447     2.72   0.007     4.607916    28.52168
     sst6_97 |   101.5575   15.34079     6.62   0.000     71.48459    131.6304
     sst8_97 |   6.391073   4.625698     1.38   0.167    -2.676785    15.45893
     sst9_97 |   -85.9583   53.83956    -1.60   0.110    -191.5012    19.58457
    sst10_97 |  -32.74618   55.81766    -0.59   0.557    -142.1668    76.67442
    sst12_97 |   20.22103   15.59892     1.30   0.195    -10.35787    50.79994
    sst13_97 |   57.03272   9.537101     5.98   0.000     38.33693    75.72851
    sst16_97 |   12.72983   5.617923     2.27   0.023     1.716888    23.74277
    sst17_97 |   30.73591   2.733344    11.24   0.000     25.37768    36.09414
    sst18_97 |   8.452581   5.012451     1.69   0.092    -1.373437     18.2786
    sst19_97 |   25.55593   4.320908     5.91   0.000     17.08555     34.0263
    sst20_97 |   16.08946   3.145547     5.11   0.000     9.923175    22.25575
    sst21_97 |   26.10403   7.645187     3.41   0.001       11.117    41.09105
    sst22_97 |    13.0392   5.556104     2.35   0.019     2.147447    23.93095
    sst23_97 |  -4.941798    19.1219    -0.26   0.796    -42.42689    32.54329
    sst24_97 |    12.6659    14.4432     0.88   0.381    -15.64742    40.97921
    sst25_97 |   86.17432   46.57607     1.85   0.064    -5.129786    177.4784
    sst26_97 |   36.30921   3.911599     9.28   0.000     28.64122    43.97721
    sst27_97 |   14.14556   4.560867     3.10   0.002     5.204791    23.08633
    sst28_97 |   21.49195   7.601956     2.83   0.005     6.589672    36.39424
    sst29_97 |  -.3776321   2.269438    -0.17   0.868    -4.826461    4.071197
    sst30_97 |   .2239575   .7477023     0.30   0.765     -1.24178    1.689695
    sst31_97 |   14.31057   3.040417     4.71   0.000     8.350368    20.27076
    sst32_97 |   8.225266   6.699899     1.23   0.220    -4.908695    21.35923
    sst33_97 |    10.0691   16.65496     0.60   0.545       -22.58    42.71819
    sst34_97 |   67.97362   25.10497     2.71   0.007     18.75978    117.1875
    sst35_97 |   3.678268   1.435892     2.56   0.010     .8634573    6.493078
    sst36_97 |   7.358015   5.653093     1.30   0.193    -3.723868     18.4399
    sst37_97 |   127.1777   15.33597     8.29   0.000     97.11424    157.2411
    sst38_97 |  -.9731283   1.386953    -0.70   0.483    -3.692002    1.745746
    sst39_97 |   15.18051   4.035286     3.76   0.000     7.270054    23.09097
    sst40_97 |   2.252484   1.518934     1.48   0.138    -.7251156    5.230083
    sst41_97 |   20.63373   6.095433     3.39   0.001     8.684719    32.58274
    sst42_97 |   12.03679   5.997249     2.01   0.045     .2802462    23.79333
    sst44_97 |   60.23237   31.76899     1.90   0.058    -2.045071    122.5098
    sst45_97 |   37.20376   9.658581     3.85   0.000     18.26983    56.13769
    sst46_97 |   1.746888   1.506673     1.16   0.246    -1.206677    4.700453
    sst47_97 |   12.88025   3.716449     3.47   0.001     5.594812    20.16569
    sst48_97 |   .1220823   1.565527     0.08   0.938    -2.946855    3.191019
    sst49_97 |   1.860851   3.043823     0.61   0.541    -4.106022    7.827724
    sst50_97 |   2.299431   8.915587     0.26   0.796    -15.17799    19.77685
    sst51_97 |   17.40885   4.972216     3.50   0.000     7.661706      27.156
    sst53_97 |    40.0678   9.334782     4.29   0.000     21.76862    58.36698
    sst54_97 |   14.39196   11.33548     1.27   0.204     -7.82924    36.61316
    sst55_97 |  -6.682822   3.857266    -1.73   0.083    -14.24431    .8786613
    sst56_97 |  -.0074725   1.205612    -0.01   0.995    -2.370861    2.355916
     sst1_02 |   16.85563   11.95286     1.41   0.159    -6.575824    40.28708
     sst4_02 |    41.2445   28.80185     1.43   0.152     -15.2164    97.70539
     sst5_02 |  -24.20945   6.753676    -3.58   0.000    -37.44883   -10.97007
     sst6_02 |   48.05044   19.99989     2.40   0.016     8.844208    87.25667
     sst8_02 |  -12.56704   4.141073    -3.03   0.002    -20.68488   -4.449201
     sst9_02 |  -151.9698    62.9175    -2.42   0.016    -275.3084   -28.63126
    sst10_02 |   108.0757   44.38468     2.43   0.015      21.0674     195.084
    sst12_02 |   -1.03402   17.07419    -0.06   0.952    -34.50493    32.43689
    sst13_02 |    21.4318   10.96708     1.95   0.051    -.0672021    42.93081
    sst16_02 |  -.6583138   5.025732    -0.13   0.896    -10.51037     9.19374
    sst17_02 |  -37.16232   3.128067   -11.88   0.000    -43.29434    -31.0303
    sst18_02 |  -50.85452   4.504517   -11.29   0.000    -59.68482   -42.02421
    sst19_02 |  -43.26458   3.812436   -11.35   0.000    -50.73819   -35.79098
    sst20_02 |   -21.2599   3.153294    -6.74   0.000    -27.44137   -15.07842
    sst21_02 |  -29.19344   7.257161    -4.02   0.000    -43.41981   -14.96707
    sst22_02 |  -45.13467    7.89886    -5.71   0.000    -60.61898   -29.65036
    sst23_02 |  -42.53381   23.39119    -1.82   0.069    -88.38807    3.320455
    sst24_02 |  -7.147975   17.52518    -0.41   0.683    -41.50298    27.20703
    sst25_02 |  -175.1978   80.71413    -2.17   0.030    -333.4235   -16.97213
    sst26_02 |  -2.687005   4.901403    -0.55   0.584    -12.29533    6.921324
    sst27_02 |  -19.36734   3.670629    -5.28   0.000    -26.56296   -12.17172
    sst28_02 |  -35.29912   9.648983    -3.66   0.000    -54.21423     -16.384
    sst29_02 |   -27.5366   2.433423   -11.32   0.000     -32.3069   -22.76631
    sst30_02 |  -5.427329    .801136    -6.77   0.000    -6.997813   -3.856844
    sst31_02 |  -21.87458   3.437609    -6.36   0.000     -28.6134   -15.13575
    sst32_02 |   14.51585   13.23172     1.10   0.273    -11.42258    40.45429
    sst33_02 |  -52.53806   18.99823    -2.77   0.006    -89.78072    -15.2954
    sst34_02 |   -42.0117   28.22878    -1.49   0.137    -97.34921    13.32581
    sst35_02 |  -.3826321   1.313813    -0.29   0.771    -2.958128    2.192864
    sst36_02 |  -51.78162   8.299308    -6.24   0.000    -68.05093    -35.5123
    sst37_02 |   32.38465   15.22746     2.13   0.033     2.533936    62.23537
    sst38_02 |   1.391952   1.503617     0.93   0.355    -1.555621    4.339526
    sst39_02 |  -44.61244   5.193172    -8.59   0.000    -54.79273   -34.43215
    sst40_02 |  -5.051353    1.91643    -2.64   0.008    -8.808172   -1.294533
    sst41_02 |  -1.820005   4.305694    -0.42   0.673    -10.26055    6.620543
    sst42_02 |  -42.25571   8.808317    -4.80   0.000    -59.52284   -24.98857
    sst44_02 |  -75.95605   29.75581    -2.55   0.011     -134.287   -17.62508
    sst45_02 |  -8.951476   13.89387    -0.64   0.519    -36.18794    18.28499
    sst46_02 |  -8.963518   1.635292    -5.48   0.000    -12.16922   -5.757818
    sst47_02 |  -21.73888   4.189127    -5.19   0.000    -29.95092   -13.52684
    sst48_02 |  -16.28558   1.703558    -9.56   0.000     -19.6251   -12.94606
    sst49_02 |   6.520714   3.641392     1.79   0.073    -.6175866    13.65901
    sst50_02 |  -50.25244   10.72722    -4.68   0.000    -71.28125   -29.22363
    sst51_02 |   -11.1558   7.245476    -1.54   0.124    -25.35927    3.047667
    sst53_02 |   11.35888   8.009742     1.42   0.156     -4.34279    27.06056
    sst54_02 |   7.525524   19.86257     0.38   0.705    -31.41152    46.46257
    sst55_02 |   -46.2771    4.04218   -11.45   0.000    -54.20108   -38.35312
    sst56_02 |  -4.111588   1.071781    -3.84   0.000    -6.212623   -2.010552
          x1 |  (dropped)
          x2 |  -2.662265   12.59652    -0.21   0.833     -27.3555    22.03097
          x3 |  -396.3975   482.4528    -0.82   0.411     -1342.16    549.3654
          x4 |  -15.45173   101.4792    -0.15   0.879    -214.3836    183.4801
          x5 |   .0191892   .0233233     0.82   0.411    -.0265321    .0649104
          x6 |   65.80452   41.14536     1.60   0.110    -14.85363    146.4627
          x7 |  -3.147044   15.08266    -0.21   0.835    -32.71392    26.41983
          x8 |   266.3391   209.3607     1.27   0.203    -144.0753    676.7536
          x9 |   2.213706   3.153197     0.70   0.483    -3.967576    8.394988
       _cons |   3.326573   71.20909     0.05   0.963    -136.2662    142.9193
-------------+----------------------------------------------------------------
        fips |   absorbed                                    (2262 categories)

. gen b_dry_dd89=    _coef[dry_dd89];

. gen b_dry_dd89_sq= _coef[dry_dd89_sq];

. gen b_irr_dd89=    _coef[irr_dd89];

. gen b_irr_dd89_sq= _coef[irr_dd89_sq];

. gen b_dry_prcp=    _coef[dry_prcp];

. gen b_dry_prcp_sq= _coef[dry_prcp_sq];

. gen b_irr_prcp=    _coef[irr_prcp];

. gen b_irr_prcp_sq= _coef[irr_prcp_sq];

. egen m_dry_dd89=mean(dry_dd89), by(fips);

. egen m_dry_prcp=mean(dry_prcp), by(fips);

. egen m_irr_dd89=mean(irr_dd89), by(fips);

. egen m_irr_prcp=mean(irr_prcp), by(fips);

. gen dry_dd89_gw=   (dry==1)*dd89_h2_long;

. gen dry_dd89_7000= (dry==1)*dd89_7000;

. gen dry_prcp_gw=   (dry==1)*prcp_h2_long;

. gen dry_prcp_7000= (dry==1)*prcp_7000;

. gen irr_dd89_gw=   (dry==0)*dd89_h2_long;

. gen irr_dd89_7000= (dry==0)*dd89_7000;

. gen irr_prcp_gw=   (dry==0)*prcp_h2_long;

. gen irr_prcp_7000= (dry==0)*prcp_7000;

. gen d_dry_dd89=    dry_dd89_gw-dry_dd89_7000;

. gen d_dry_prcp=    dry_prcp_gw-dry_prcp_7000;

. gen d_dry_dd89_sq= 2*d_dry_dd89*m_dry_dd89 + d_dry_dd89*d_dry_dd89;

. gen d_dry_prcp_sq= 2*d_dry_prcp*m_dry_prcp + d_dry_prcp*d_dry_prcp;

. gen d_irr_dd89=    irr_dd89_gw-irr_dd89_7000;

. gen d_irr_prcp=    irr_prcp_gw-irr_prcp_7000;

. gen d_irr_dd89_sq= 2*d_irr_dd89*m_irr_dd89 + d_irr_dd89*d_irr_dd89;

. gen d_irr_prcp_sq= 2*d_irr_prcp*m_irr_prcp + d_irr_prcp*d_irr_prcp;

. egen s_dry_dd89=    sum(fland*d_dry_dd89/1000000000), by(year);

. egen s_dry_dd89_sq= sum(fland*d_dry_dd89_sq/1000000000), by(year);

. egen s_dry_prcp=    sum(fland*d_dry_prcp/1000000000), by(year);

. egen s_dry_prcp_sq= sum(fland*d_dry_prcp_sq/1000000000), by(year);

. egen s_irr_dd89=    sum(fland*d_irr_dd89/1000000000), by(year);

. egen s_irr_dd89_sq= sum(fland*d_irr_dd89_sq/1000000000), by(year);

. egen s_irr_prcp=    sum(fland*d_irr_prcp/1000000000), by(year);

. egen s_irr_prcp_sq= sum(fland*d_irr_prcp_sq/1000000000), by(year);

. summ s_dry_dd89 s_dry_dd89_sq s_dry_prcp s_dry_prcp_sq
> s_irr_dd89 s_irr_dd89_sq s_irr_prcp s_irr_prcp_sq, sep(0);

    Variable |       Obs        Mean    Std. Dev.       Min        Max
-------------+--------------------------------------------------------
  s_dry_dd89 |      9048    739.3162    18.35164   716.2481   765.9698
s_dry_dd89~q |      9048     5959966    127681.8    5805364    6146273
  s_dry_prcp |      9048    1.853026    .1126675   1.726529   1.996467
s_dry_prcp~q |      9048    77.26927    3.542648    72.9577   81.35936
  s_irr_dd89 |      9048     176.276    5.600863   169.3055   184.9262
s_irr_dd89~q |      9048     1291806    29414.86    1248243    1331229
  s_irr_prcp |      9048    .4898815    .0197393   .4558881   .5042837
s_irr_prcp~q |      9048    14.90881    .7803029   13.60082   15.58283

. lincom
> dry_dd89     *   739.3162  + 
> dry_dd89_sq  *    5959966  +
> dry_prcp     *   1.793889  +
> dry_prcp_sq  *   75.37064  +
> irr_dd89     *    176.276  +
> irr_dd89_sq  *    1291806  +
> irr_prcp     *   .4829867  +
> irr_prcp_sq  *    14.8647  ;

 ( 1)  739.3162 dry_dd89 + 5959966 dry_dd89_sq + 1.793889 dry_prcp + 75.37064 dry_prcp_sq + 176.276 irr_dd89 + 1291806 irr_dd89_sq + .482986
> 7 irr_prcp + 14.8647 irr_prcp_sq = 0

------------------------------------------------------------------------------
           y |      Coef.   Std. Err.      t    P>|t|     [95% Conf. Interval]
-------------+----------------------------------------------------------------
         (1) |   1.285297   .9164512     1.40   0.161    -.5112429    3.081836
------------------------------------------------------------------------------

. lincom
> dry_dd89     *   739.3162  + 
> dry_dd89_sq  *    5959966  +
> dry_prcp     *   1.793889  +
> dry_prcp_sq  *   75.37064  ;

 ( 1)  739.3162 dry_dd89 + 5959966 dry_dd89_sq + 1.793889 dry_prcp + 75.37064 dry_prcp_sq = 0

------------------------------------------------------------------------------
           y |      Coef.   Std. Err.      t    P>|t|     [95% Conf. Interval]
-------------+----------------------------------------------------------------
         (1) |   1.101533   .6889868     1.60   0.110    -.2491027    2.452169
------------------------------------------------------------------------------

. lincom
> irr_dd89     *    176.276  +
> irr_dd89_sq  *    1291806  +
> irr_prcp     *   .4829867  +
> irr_prcp_sq  *    14.8647  ;

 ( 1)  176.276 irr_dd89 + 1291806 irr_dd89_sq + .4829867 irr_prcp + 14.8647 irr_prcp_sq = 0

------------------------------------------------------------------------------
           y |      Coef.   Std. Err.      t    P>|t|     [95% Conf. Interval]
-------------+----------------------------------------------------------------
         (1) |   .1837634   .4974764     0.37   0.712    -.7914505    1.158977
------------------------------------------------------------------------------

. lincom
> dry_dd89     *   739.3162  + 
> dry_dd89_sq  *    5959966  +
> irr_dd89     *    176.276  +
> irr_dd89_sq  *    1291806  ;

 ( 1)  739.3162 dry_dd89 + 5959966 dry_dd89_sq + 176.276 irr_dd89 + 1291806 irr_dd89_sq = 0

------------------------------------------------------------------------------
           y |      Coef.   Std. Err.      t    P>|t|     [95% Conf. Interval]
-------------+----------------------------------------------------------------
         (1) |   .3903635   .8725789     0.45   0.655    -1.320172    2.100899
------------------------------------------------------------------------------

. lincom
> dry_prcp     *   1.793889  +
> dry_prcp_sq  *   75.37064  +
> irr_prcp     *   .4829867  +
> irr_prcp_sq  *    14.8647  ;

 ( 1)  1.793889 dry_prcp + 75.37064 dry_prcp_sq + .4829867 irr_prcp + 14.8647 irr_prcp_sq = 0

------------------------------------------------------------------------------
           y |      Coef.   Std. Err.      t    P>|t|     [95% Conf. Interval]
-------------+----------------------------------------------------------------
         (1) |   .8949332   .2879039     3.11   0.002     .3305488    1.459318
------------------------------------------------------------------------------

. clear;

. ! \rm indata.dta;


. 
end of do-file
